PREHOOK: query: DROP TABLE IF EXISTS tweets
PREHOOK: type: DROPTABLE
POSTHOOK: query: DROP TABLE IF EXISTS tweets
POSTHOOK: type: DROPTABLE
PREHOOK: query: create table tweets (id string, text string, attachments string, author_id string, context_annotations string,
conversation_id string, created_at string, entities string, geo string, in_reply_to_user_id string, lang string,
non_public_metrics string, organic_metrics string, possibly_sensitive string, promoted_metrics string,
public_metrics string, referenced_tweets string, reply_settings string, source string, withheld string, matching_rules string
) STORED AS JSONFILE
PREHOOK: type: CREATETABLE
PREHOOK: Output: database:default
PREHOOK: Output: default@tweets
POSTHOOK: query: create table tweets (id string, text string, attachments string, author_id string, context_annotations string,
conversation_id string, created_at string, entities string, geo string, in_reply_to_user_id string, lang string,
non_public_metrics string, organic_metrics string, possibly_sensitive string, promoted_metrics string,
public_metrics string, referenced_tweets string, reply_settings string, source string, withheld string, matching_rules string
) STORED AS JSONFILE
POSTHOOK: type: CREATETABLE
POSTHOOK: Output: database:default
POSTHOOK: Output: default@tweets
PREHOOK: query: LOAD DATA LOCAL INPATH "/Users/meylismatiyev/Downloads/hive/itests/qtest/../..//data/files/twitter.json" INTO TABLE tweets
PREHOOK: type: LOAD
#### A masked pattern was here ####
PREHOOK: Output: default@tweets
POSTHOOK: query: LOAD DATA LOCAL INPATH "/Users/meylismatiyev/Downloads/hive/itests/qtest/../..//data/files/twitter.json" INTO TABLE tweets
POSTHOOK: type: LOAD
#### A masked pattern was here ####
POSTHOOK: Output: default@tweets
PREHOOK: query: select text from tweets where text = "elon"
PREHOOK: type: QUERY
PREHOOK: Input: default@tweets
#### A masked pattern was here ####
POSTHOOK: query: select text from tweets where text = "elon"
POSTHOOK: type: QUERY
POSTHOOK: Input: default@tweets
#### A masked pattern was here ####
elon
